[0m23:03:55  Running with dbt=1.11.12
[0m23:03:55  Registered adapter: duckdb=1.10.1
[0m23:03:57  Found 10 models, 85 data tests, 1 source, 602 macros
[0m23:03:57  
[0m23:03:57  Concurrency: 1 threads (target='local')
[0m23:03:57  
[0m23:03:58  1 of 95 START sql table model gold.dim_invoice_lines_columns ................... [RUN]
[0m23:03:58  1 of 95 OK created sql table model gold.dim_invoice_lines_columns .............. [[32mOK[0m in 0.15s]
[0m23:03:58  2 of 95 START sql table model gold.dim_run_columns ............................. [RUN]
[0m23:03:58  2 of 95 OK created sql table model gold.dim_run_columns ........................ [[32mOK[0m in 0.03s]
[0m23:03:58  3 of 95 START sql table model gold.dim_run_values .............................. [RUN]
[0m23:03:58  3 of 95 OK created sql table model gold.dim_run_values ......................... [[32mOK[0m in 0.04s]
[0m23:03:58  4 of 95 START sql table model gold.dim_source_columns .......................... [RUN]
[0m23:03:58  4 of 95 OK created sql table model gold.dim_source_columns ..................... [[32mOK[0m in 0.03s]
[0m23:03:58  5 of 95 START sql table model gold.dim_source_values ........................... [RUN]
[0m23:03:58  5 of 95 OK created sql table model gold.dim_source_values ...................... [[32mOK[0m in 0.04s]
[0m23:03:58  6 of 95 START sql table model gold.dim_timeframe_columns ....................... [RUN]
[0m23:03:58  6 of 95 OK created sql table model gold.dim_timeframe_columns .................. [[32mOK[0m in 0.04s]
[0m23:03:58  7 of 95 START sql table model silver.silver_invoice_lines ...................... [RUN]
[0m23:03:58  7 of 95 OK created sql table model silver.silver_invoice_lines ................. [[32mOK[0m in 0.19s]
[0m23:03:58  8 of 95 START test silver_invoice_lines__1_1_0__silver_invoice_lines__grain_enforcement__no_duplicate__invoice  [RUN]
[0m23:03:58  8 of 95 PASS silver_invoice_lines__1_1_0__silver_invoice_lines__grain_enforcement__no_duplicate__invoice  [[32mPASS[0m in 0.04s]
[0m23:03:58  9 of 95 START test silver_invoice_lines__1_1_0__silver_invoice_lines__unit_price__unit_price_is_never_negative  [RUN]
[0m23:03:58  9 of 95 PASS silver_invoice_lines__1_1_0__silver_invoice_lines__unit_price__unit_price_is_never_negative  [[32mPASS[0m in 0.02s]
[0m23:03:58  10 of 95 START test gold_unified_event_star__1_1_0__dim_invoice_lines_columns__schema_key_uniqueness__the_error_severit  [RUN]
[0m23:03:58  10 of 95 PASS gold_unified_event_star__1_1_0__dim_invoice_lines_columns__schema_key_uniqueness__the_error_severit  [[32mPASS[0m in 0.02s]
[0m23:03:58  11 of 95 START test gold_unified_event_star__1_1_0__dim_invoice_lines_columns__the_dimension_is_never_empty_once_the_st  [RUN]
[0m23:03:58  11 of 95 PASS gold_unified_event_star__1_1_0__dim_invoice_lines_columns__the_dimension_is_never_empty_once_the_st  [[32mPASS[0m in 0.02s]
[0m23:03:58  12 of 95 START test not_null_dim_invoice_lines_columns_dim_col_hash_id ......... [RUN]
[0m23:03:58  12 of 95 PASS not_null_dim_invoice_lines_columns_dim_col_hash_id ............... [[32mPASS[0m in 0.02s]
[0m23:03:58  13 of 95 START test not_null_dim_invoice_lines_columns_dim_columns ............. [RUN]
[0m23:03:58  13 of 95 PASS not_null_dim_invoice_lines_columns_dim_columns ................... [[32mPASS[0m in 0.02s]
[0m23:03:58  14 of 95 START test not_null_dim_invoice_lines_columns_loaded_at ............... [RUN]
[0m23:03:58  14 of 95 PASS not_null_dim_invoice_lines_columns_loaded_at ..................... [[32mPASS[0m in 0.02s]
[0m23:03:58  15 of 95 START test unique_dim_invoice_lines_columns_dim_col_hash_id ........... [RUN]
[0m23:03:58  15 of 95 PASS unique_dim_invoice_lines_columns_dim_col_hash_id ................. [[32mPASS[0m in 0.02s]
[0m23:03:58  16 of 95 START test gold_unified_event_star__1_1_0__dim_run_columns__schema_key_uniqueness__the_error_severit  [RUN]
[0m23:03:58  16 of 95 PASS gold_unified_event_star__1_1_0__dim_run_columns__schema_key_uniqueness__the_error_severit  [[32mPASS[0m in 0.02s]
[0m23:03:58  17 of 95 START test gold_unified_event_star__1_1_0__dim_run_columns__the_dimension_is_never_empty_once_the_st  [RUN]
[0m23:03:58  17 of 95 PASS gold_unified_event_star__1_1_0__dim_run_columns__the_dimension_is_never_empty_once_the_st  [[32mPASS[0m in 0.02s]
[0m23:03:58  18 of 95 START test not_null_dim_run_columns_loaded_at ......................... [RUN]
[0m23:03:58  18 of 95 PASS not_null_dim_run_columns_loaded_at ............................... [[32mPASS[0m in 0.02s]
[0m23:03:58  19 of 95 START test not_null_dim_run_columns_run_col_hash_id ................... [RUN]
[0m23:03:58  19 of 95 PASS not_null_dim_run_columns_run_col_hash_id ......................... [[32mPASS[0m in 0.02s]
[0m23:03:58  20 of 95 START test not_null_dim_run_columns_run_columns ....................... [RUN]
[0m23:03:58  20 of 95 PASS not_null_dim_run_columns_run_columns ............................. [[32mPASS[0m in 0.02s]
[0m23:03:58  21 of 95 START test unique_dim_run_columns_run_col_hash_id ..................... [RUN]
[0m23:03:58  21 of 95 PASS unique_dim_run_columns_run_col_hash_id ........................... [[32mPASS[0m in 0.02s]
[0m23:03:58  22 of 95 START test gold_unified_event_star__1_1_0__dim_run_values__c4__every_run_payload_parses_as_valid_js  [RUN]
[0m23:03:58  22 of 95 PASS gold_unified_event_star__1_1_0__dim_run_values__c4__every_run_payload_parses_as_valid_js  [[32mPASS[0m in 0.02s]
[0m23:03:58  23 of 95 START test gold_unified_event_star__1_1_0__dim_run_values__content_key_uniqueness__the_error_severi  [RUN]
[0m23:03:58  23 of 95 PASS gold_unified_event_star__1_1_0__dim_run_values__content_key_uniqueness__the_error_severi  [[32mPASS[0m in 0.02s]
[0m23:03:58  24 of 95 START test gold_unified_event_star__1_1_0__dim_run_values__the_dimension_is_never_empty_once_the_st  [RUN]
[0m23:03:58  24 of 95 PASS gold_unified_event_star__1_1_0__dim_run_values__the_dimension_is_never_empty_once_the_st  [[32mPASS[0m in 0.01s]
[0m23:03:58  25 of 95 START test not_null_dim_run_values_loaded_at .......................... [RUN]
[0m23:03:58  25 of 95 PASS not_null_dim_run_values_loaded_at ................................ [[32mPASS[0m in 0.02s]
[0m23:03:58  26 of 95 START test not_null_dim_run_values_run_col_hash_id .................... [RUN]
[0m23:03:58  26 of 95 PASS not_null_dim_run_values_run_col_hash_id .......................... [[32mPASS[0m in 0.02s]
[0m23:03:58  27 of 95 START test not_null_dim_run_values_run_hash_id ........................ [RUN]
[0m23:03:58  27 of 95 PASS not_null_dim_run_values_run_hash_id .............................. [[32mPASS[0m in 0.02s]
[0m23:03:58  28 of 95 START test not_null_dim_run_values_run_values ......................... [RUN]
[0m23:03:58  28 of 95 PASS not_null_dim_run_values_run_values ............................... [[32mPASS[0m in 0.02s]
[0m23:03:59  29 of 95 START test unique_dim_run_values_run_hash_id .......................... [RUN]
[0m23:03:59  29 of 95 PASS unique_dim_run_values_run_hash_id ................................ [[32mPASS[0m in 0.02s]
[0m23:03:59  30 of 95 START test gold_unified_event_star__1_1_0__dim_source_columns__schema_key_uniqueness__the_error_severit  [RUN]
[0m23:03:59  30 of 95 PASS gold_unified_event_star__1_1_0__dim_source_columns__schema_key_uniqueness__the_error_severit  [[32mPASS[0m in 0.02s]
[0m23:03:59  31 of 95 START test gold_unified_event_star__1_1_0__dim_source_columns__the_dimension_is_never_empty_once_the_st  [RUN]
[0m23:03:59  31 of 95 PASS gold_unified_event_star__1_1_0__dim_source_columns__the_dimension_is_never_empty_once_the_st  [[32mPASS[0m in 0.02s]
[0m23:03:59  32 of 95 START test not_null_dim_source_columns_loaded_at ...................... [RUN]
[0m23:03:59  32 of 95 PASS not_null_dim_source_columns_loaded_at ............................ [[32mPASS[0m in 0.02s]
[0m23:03:59  33 of 95 START test not_null_dim_source_columns_source_col_hash_id ............. [RUN]
[0m23:03:59  33 of 95 PASS not_null_dim_source_columns_source_col_hash_id ................... [[32mPASS[0m in 0.02s]
[0m23:03:59  34 of 95 START test not_null_dim_source_columns_source_columns ................. [RUN]
[0m23:03:59  34 of 95 PASS not_null_dim_source_columns_source_columns ....................... [[32mPASS[0m in 0.02s]
[0m23:03:59  35 of 95 START test unique_dim_source_columns_source_col_hash_id ............... [RUN]
[0m23:03:59  35 of 95 PASS unique_dim_source_columns_source_col_hash_id ..................... [[32mPASS[0m in 0.02s]
[0m23:03:59  36 of 95 START test gold_unified_event_star__1_1_0__dim_source_values__c4__every_source_payload_parses_as_valid  [RUN]
[0m23:03:59  36 of 95 PASS gold_unified_event_star__1_1_0__dim_source_values__c4__every_source_payload_parses_as_valid  [[32mPASS[0m in 0.01s]
[0m23:03:59  37 of 95 START test gold_unified_event_star__1_1_0__dim_source_values__content_key_uniqueness__the_error_severi  [RUN]
[0m23:03:59  37 of 95 PASS gold_unified_event_star__1_1_0__dim_source_values__content_key_uniqueness__the_error_severi  [[32mPASS[0m in 0.02s]
[0m23:03:59  38 of 95 START test gold_unified_event_star__1_1_0__dim_source_values__the_dimension_is_never_empty_once_the_st  [RUN]
[0m23:03:59  38 of 95 PASS gold_unified_event_star__1_1_0__dim_source_values__the_dimension_is_never_empty_once_the_st  [[32mPASS[0m in 0.01s]
[0m23:03:59  39 of 95 START test not_null_dim_source_values_loaded_at ....................... [RUN]
[0m23:03:59  39 of 95 PASS not_null_dim_source_values_loaded_at ............................. [[32mPASS[0m in 0.02s]
[0m23:03:59  40 of 95 START test not_null_dim_source_values_source_col_hash_id .............. [RUN]
[0m23:03:59  40 of 95 PASS not_null_dim_source_values_source_col_hash_id .................... [[32mPASS[0m in 0.01s]
[0m23:03:59  41 of 95 START test not_null_dim_source_values_source_hash_id .................. [RUN]
[0m23:03:59  41 of 95 PASS not_null_dim_source_values_source_hash_id ........................ [[32mPASS[0m in 0.01s]
[0m23:03:59  42 of 95 START test not_null_dim_source_values_source_values ................... [RUN]
[0m23:03:59  42 of 95 PASS not_null_dim_source_values_source_values ......................... [[32mPASS[0m in 0.02s]
[0m23:03:59  43 of 95 START test unique_dim_source_values_source_hash_id .................... [RUN]
[0m23:03:59  43 of 95 PASS unique_dim_source_values_source_hash_id .......................... [[32mPASS[0m in 0.02s]
[0m23:03:59  44 of 95 START test gold_unified_event_star__1_1_0__dim_timeframe_columns__schema_key_uniqueness__the_error_severit  [RUN]
[0m23:03:59  44 of 95 PASS gold_unified_event_star__1_1_0__dim_timeframe_columns__schema_key_uniqueness__the_error_severit  [[32mPASS[0m in 0.02s]
[0m23:03:59  45 of 95 START test gold_unified_event_star__1_1_0__dim_timeframe_columns__the_dimension_is_never_empty_once_the_st  [RUN]
[0m23:03:59  45 of 95 PASS gold_unified_event_star__1_1_0__dim_timeframe_columns__the_dimension_is_never_empty_once_the_st  [[32mPASS[0m in 0.01s]
[0m23:03:59  46 of 95 START test not_null_dim_timeframe_columns_loaded_at ................... [RUN]
[0m23:03:59  46 of 95 PASS not_null_dim_timeframe_columns_loaded_at ......................... [[32mPASS[0m in 0.02s]
[0m23:03:59  47 of 95 START test not_null_dim_timeframe_columns_timeframe_col_hash_id ....... [RUN]
[0m23:03:59  47 of 95 PASS not_null_dim_timeframe_columns_timeframe_col_hash_id ............. [[32mPASS[0m in 0.02s]
[0m23:03:59  48 of 95 START test not_null_dim_timeframe_columns_timeframe_columns ........... [RUN]
[0m23:03:59  48 of 95 PASS not_null_dim_timeframe_columns_timeframe_columns ................. [[32mPASS[0m in 0.02s]
[0m23:03:59  49 of 95 START test unique_dim_timeframe_columns_timeframe_col_hash_id ......... [RUN]
[0m23:03:59  49 of 95 PASS unique_dim_timeframe_columns_timeframe_col_hash_id ............... [[32mPASS[0m in 0.02s]
[0m23:03:59  50 of 95 START test not_null_silver_invoice_lines_country ...................... [RUN]
[0m23:03:59  50 of 95 PASS not_null_silver_invoice_lines_country ............................ [[32mPASS[0m in 0.02s]
[0m23:03:59  51 of 95 START test not_null_silver_invoice_lines_invoice_id ................... [RUN]
[0m23:03:59  51 of 95 PASS not_null_silver_invoice_lines_invoice_id ......................... [[32mPASS[0m in 0.02s]
[0m23:03:59  52 of 95 START test not_null_silver_invoice_lines_invoiced_at .................. [RUN]
[0m23:03:59  52 of 95 PASS not_null_silver_invoice_lines_invoiced_at ........................ [[32mPASS[0m in 0.02s]
[0m23:03:59  53 of 95 START test not_null_silver_invoice_lines_is_cancellation .............. [RUN]
[0m23:03:59  53 of 95 PASS not_null_silver_invoice_lines_is_cancellation .................... [[32mPASS[0m in 0.02s]
[0m23:03:59  54 of 95 START test not_null_silver_invoice_lines_quantity ..................... [RUN]
[0m23:03:59  54 of 95 PASS not_null_silver_invoice_lines_quantity ........................... [[32mPASS[0m in 0.02s]
[0m23:03:59  55 of 95 START test not_null_silver_invoice_lines_stock_code ................... [RUN]
[0m23:03:59  55 of 95 PASS not_null_silver_invoice_lines_stock_code ......................... [[32mPASS[0m in 0.02s]
[0m23:03:59  56 of 95 START test not_null_silver_invoice_lines_unit_price ................... [RUN]
[0m23:03:59  56 of 95 PASS not_null_silver_invoice_lines_unit_price ......................... [[32mPASS[0m in 0.02s]
[0m23:03:59  57 of 95 START test silver_invoice_lines__1_1_0__silver_invoice_lines__the_table_is_never_empty__the_committed  [RUN]
[0m23:03:59  57 of 95 PASS silver_invoice_lines__1_1_0__silver_invoice_lines__the_table_is_never_empty__the_committed  [[32mPASS[0m in 0.02s]
[0m23:03:59  58 of 95 START test silver_invoice_lines__1_1_0__silver_invoice_lines__unique_combination  [RUN]
[0m23:03:59  58 of 95 PASS silver_invoice_lines__1_1_0__silver_invoice_lines__unique_combination  [[32mPASS[0m in 0.02s]
[0m23:03:59  59 of 95 START sql table model gold.dim_invoice_lines_values ................... [RUN]
[0m23:03:59  59 of 95 OK created sql table model gold.dim_invoice_lines_values .............. [[32mOK[0m in 0.23s]
[0m23:03:59  60 of 95 START sql table model gold.dim_timeframe_values ....................... [RUN]
[0m23:03:59  60 of 95 OK created sql table model gold.dim_timeframe_values .................. [[32mOK[0m in 0.20s]
[0m23:03:59  61 of 95 START sql table model gold.fact_invoice_lines_values .................. [RUN]
[0m23:04:00  61 of 95 OK created sql table model gold.fact_invoice_lines_values ............. [[32mOK[0m in 0.28s]
[0m23:04:00  62 of 95 START test gold_unified_event_star__1_1_0__dim_invoice_lines_values__c4__every_dimension_payload_parses_as_va  [RUN]
[0m23:04:00  62 of 95 PASS gold_unified_event_star__1_1_0__dim_invoice_lines_values__c4__every_dimension_payload_parses_as_va  [[32mPASS[0m in 0.03s]
[0m23:04:00  63 of 95 START test gold_unified_event_star__1_1_0__dim_invoice_lines_values__content_key_uniqueness__the_error_severi  [RUN]
[0m23:04:00  63 of 95 PASS gold_unified_event_star__1_1_0__dim_invoice_lines_values__content_key_uniqueness__the_error_severi  [[32mPASS[0m in 0.02s]
[0m23:04:00  64 of 95 START test gold_unified_event_star__1_1_0__dim_invoice_lines_values__the_dimension_is_never_empty_once_the_st  [RUN]
[0m23:04:00  64 of 95 PASS gold_unified_event_star__1_1_0__dim_invoice_lines_values__the_dimension_is_never_empty_once_the_st  [[32mPASS[0m in 0.02s]
[0m23:04:00  65 of 95 START test not_null_dim_invoice_lines_values_dim_col_hash_id .......... [RUN]
[0m23:04:00  65 of 95 PASS not_null_dim_invoice_lines_values_dim_col_hash_id ................ [[32mPASS[0m in 0.02s]
[0m23:04:00  66 of 95 START test not_null_dim_invoice_lines_values_dim_hash_id .............. [RUN]
[0m23:04:00  66 of 95 PASS not_null_dim_invoice_lines_values_dim_hash_id .................... [[32mPASS[0m in 0.02s]
[0m23:04:00  67 of 95 START test not_null_dim_invoice_lines_values_dim_values ............... [RUN]
[0m23:04:00  67 of 95 PASS not_null_dim_invoice_lines_values_dim_values ..................... [[32mPASS[0m in 0.02s]
[0m23:04:00  68 of 95 START test not_null_dim_invoice_lines_values_loaded_at ................ [RUN]
[0m23:04:00  68 of 95 PASS not_null_dim_invoice_lines_values_loaded_at ...................... [[32mPASS[0m in 0.02s]
[0m23:04:00  69 of 95 START test unique_dim_invoice_lines_values_dim_hash_id ................ [RUN]
[0m23:04:00  69 of 95 PASS unique_dim_invoice_lines_values_dim_hash_id ...................... [[32mPASS[0m in 0.02s]
[0m23:04:00  70 of 95 START test gold_unified_event_star__1_1_0__dim_timeframe_values__c4__every_timeframe_payload_parses_as_va  [RUN]
[0m23:04:00  70 of 95 PASS gold_unified_event_star__1_1_0__dim_timeframe_values__c4__every_timeframe_payload_parses_as_va  [[32mPASS[0m in 0.02s]
[0m23:04:00  71 of 95 START test gold_unified_event_star__1_1_0__dim_timeframe_values__content_key_uniqueness__the_error_severi  [RUN]
[0m23:04:00  71 of 95 PASS gold_unified_event_star__1_1_0__dim_timeframe_values__content_key_uniqueness__the_error_severi  [[32mPASS[0m in 0.02s]
[0m23:04:00  72 of 95 START test gold_unified_event_star__1_1_0__dim_timeframe_values__the_dimension_is_never_empty_once_the_st  [RUN]
[0m23:04:00  72 of 95 PASS gold_unified_event_star__1_1_0__dim_timeframe_values__the_dimension_is_never_empty_once_the_st  [[32mPASS[0m in 0.01s]
[0m23:04:00  73 of 95 START test not_null_dim_timeframe_values_loaded_at .................... [RUN]
[0m23:04:00  73 of 95 PASS not_null_dim_timeframe_values_loaded_at .......................... [[32mPASS[0m in 0.02s]
[0m23:04:00  74 of 95 START test not_null_dim_timeframe_values_timeframe_col_hash_id ........ [RUN]
[0m23:04:00  74 of 95 PASS not_null_dim_timeframe_values_timeframe_col_hash_id .............. [[32mPASS[0m in 0.02s]
[0m23:04:00  75 of 95 START test not_null_dim_timeframe_values_timeframe_hash_id ............ [RUN]
[0m23:04:00  75 of 95 PASS not_null_dim_timeframe_values_timeframe_hash_id .................. [[32mPASS[0m in 0.02s]
[0m23:04:00  76 of 95 START test not_null_dim_timeframe_values_timeframe_values ............. [RUN]
[0m23:04:00  76 of 95 PASS not_null_dim_timeframe_values_timeframe_values ................... [[32mPASS[0m in 0.02s]
[0m23:04:00  77 of 95 START test unique_dim_timeframe_values_timeframe_hash_id .............. [RUN]
[0m23:04:00  77 of 95 PASS unique_dim_timeframe_values_timeframe_hash_id .................... [[32mPASS[0m in 0.02s]
[0m23:04:00  78 of 95 START test gold_unified_event_star__1_1_0__fact_invoice_lines_values__c1_conservation__silver_rows_in_scope_eq  [RUN]
[0m23:04:00  78 of 95 PASS gold_unified_event_star__1_1_0__fact_invoice_lines_values__c1_conservation__silver_rows_in_scope_eq  [[32mPASS[0m in 0.02s]
[0m23:04:00  79 of 95 START test gold_unified_event_star__1_1_0__fact_invoice_lines_values__c2__every_dim_hash_id_resolves_in_dim_in  [RUN]
[0m23:04:00  79 of 95 PASS gold_unified_event_star__1_1_0__fact_invoice_lines_values__c2__every_dim_hash_id_resolves_in_dim_in  [[32mPASS[0m in 0.03s]
[0m23:04:00  80 of 95 START test gold_unified_event_star__1_1_0__fact_invoice_lines_values__c2__every_fact_col_hash_id__measure_mani  [RUN]
[0m23:04:00  80 of 95 PASS gold_unified_event_star__1_1_0__fact_invoice_lines_values__c2__every_fact_col_hash_id__measure_mani  [[32mPASS[0m in 0.02s]
[0m23:04:00  81 of 95 START test gold_unified_event_star__1_1_0__fact_invoice_lines_values__c2__every_run_hash_id__non_key__resolves  [RUN]
[0m23:04:00  81 of 95 PASS gold_unified_event_star__1_1_0__fact_invoice_lines_values__c2__every_run_hash_id__non_key__resolves  [[32mPASS[0m in 0.02s]
[0m23:04:00  82 of 95 START test gold_unified_event_star__1_1_0__fact_invoice_lines_values__c2__every_source_hash_id_resolves_in_dim  [RUN]
[0m23:04:00  82 of 95 PASS gold_unified_event_star__1_1_0__fact_invoice_lines_values__c2__every_source_hash_id_resolves_in_dim  [[32mPASS[0m in 0.02s]
[0m23:04:00  83 of 95 START test gold_unified_event_star__1_1_0__fact_invoice_lines_values__c2__every_timeframe_hash_id_resolves_in  [RUN]
[0m23:04:00  83 of 95 PASS gold_unified_event_star__1_1_0__fact_invoice_lines_values__c2__every_timeframe_hash_id_resolves_in  [[32mPASS[0m in 0.02s]
[0m23:04:00  84 of 95 START test gold_unified_event_star__1_1_0__fact_invoice_lines_values__c4__every_measure_payload_parses_as_vali  [RUN]
[0m23:04:00  84 of 95 PASS gold_unified_event_star__1_1_0__fact_invoice_lines_values__c4__every_measure_payload_parses_as_vali  [[32mPASS[0m in 0.02s]
[0m23:04:00  85 of 95 START test gold_unified_event_star__1_1_0__fact_invoice_lines_values__grain_enforcement__zero_duplicate__fact  [RUN]
[0m23:04:00  85 of 95 PASS gold_unified_event_star__1_1_0__fact_invoice_lines_values__grain_enforcement__zero_duplicate__fact  [[32mPASS[0m in 0.03s]
[0m23:04:00  86 of 95 START test gold_unified_event_star__1_1_0__fact_invoice_lines_values__the_fact_is_never_empty_once_the_star_bu  [RUN]
[0m23:04:00  86 of 95 PASS gold_unified_event_star__1_1_0__fact_invoice_lines_values__the_fact_is_never_empty_once_the_star_bu  [[32mPASS[0m in 0.02s]
[0m23:04:00  87 of 95 START test gold_unified_event_star__1_1_0__fact_invoice_lines_values__unique_combination  [RUN]
[0m23:04:00  87 of 95 PASS gold_unified_event_star__1_1_0__fact_invoice_lines_values__unique_combination  [[32mPASS[0m in 0.03s]
[0m23:04:00  88 of 95 START test not_null_fact_invoice_lines_values_dim_hash_id ............. [RUN]
[0m23:04:00  88 of 95 PASS not_null_fact_invoice_lines_values_dim_hash_id ................... [[32mPASS[0m in 0.02s]
[0m23:04:00  89 of 95 START test not_null_fact_invoice_lines_values_fact_col_hash_id ........ [RUN]
[0m23:04:00  89 of 95 PASS not_null_fact_invoice_lines_values_fact_col_hash_id .............. [[32mPASS[0m in 0.02s]
[0m23:04:00  90 of 95 START test not_null_fact_invoice_lines_values_fact_hash_id ............ [RUN]
[0m23:04:00  90 of 95 PASS not_null_fact_invoice_lines_values_fact_hash_id .................. [[32mPASS[0m in 0.02s]
[0m23:04:00  91 of 95 START test not_null_fact_invoice_lines_values_fact_values ............. [RUN]
[0m23:04:00  91 of 95 PASS not_null_fact_invoice_lines_values_fact_values ................... [[32mPASS[0m in 0.02s]
[0m23:04:00  92 of 95 START test not_null_fact_invoice_lines_values_loaded_at ............... [RUN]
[0m23:04:00  92 of 95 PASS not_null_fact_invoice_lines_values_loaded_at ..................... [[32mPASS[0m in 0.02s]
[0m23:04:00  93 of 95 START test not_null_fact_invoice_lines_values_run_hash_id ............. [RUN]
[0m23:04:00  93 of 95 PASS not_null_fact_invoice_lines_values_run_hash_id ................... [[32mPASS[0m in 0.02s]
[0m23:04:00  94 of 95 START test not_null_fact_invoice_lines_values_source_hash_id .......... [RUN]
[0m23:04:00  94 of 95 PASS not_null_fact_invoice_lines_values_source_hash_id ................ [[32mPASS[0m in 0.02s]
[0m23:04:00  95 of 95 START test not_null_fact_invoice_lines_values_timeframe_hash_id ....... [RUN]
[0m23:04:00  95 of 95 PASS not_null_fact_invoice_lines_values_timeframe_hash_id ............. [[32mPASS[0m in 0.02s]
[0m23:04:00  
[0m23:04:00  Finished running 10 table models, 85 data tests in 0 hours 0 minutes and 3.28 seconds (3.28s).
[0m23:04:01  
[0m23:04:01  [32mCompleted successfully[0m
[0m23:04:01  
[0m23:04:01  Done. PASS=95 WARN=0 ERROR=0 SKIP=0 NO-OP=0 TOTAL=95
