duckdb 1.4.3
OK  payload/basic_two_fields/fields: d1288991e06f0f52d84b576db5db6843f81ebf980c9af6fb56e4cbe980750133
OK  payload/field_order_insensitive/fields: d1288991e06f0f52d84b576db5db6843f81ebf980c9af6fb56e4cbe980750133
OK  payload/field_order_insensitive/fields_alt: d1288991e06f0f52d84b576db5db6843f81ebf980c9af6fb56e4cbe980750133
OK  payload/case_insensitive_names_and_values/fields: 9116e4277e24c652a1b976b216a70301c7e3610b1d9d0234a7db26af1128ed12
OK  payload/case_insensitive_names_and_values/fields_alt: 9116e4277e24c652a1b976b216a70301c7e3610b1d9d0234a7db26af1128ed12
OK  payload/unicode_values/fields: e7072f0c4a26e5fb4e62e14afb4ead1cdf09fbf189247b92d3aff8356d2cd1c8
OK  payload/interior_whitespace_preserved/fields: 3f403594ad9b6f36ca3b3035468ad65989cc216c90c59040870880d74ae67325
OK  payload/hyphen_preserved/fields: 3c73e5e5130a57aa283863ec784a70149fc295fd3a11ca982708a116f26943f0
OK  payload/decimal_scale_preserved/fields: d9560dfdd66e153d049f6d05e81e7237f2c77d1dec9332477fbbcff986c1e169
OK  payload/decimal_integral_scale/fields: c6f40e2cbc498f9d5f542bfd86a979e0318e273062f5926ac6eed3b33c1b7587
OK  payload/timestamp_render/fields: 5fba4fdaac3e7488a8aee9e7a480d2c5149f93ebf49868bdbb8477e690b064b0
OK  payload/null_included_as_null/fields: bca8caa8b33933f30082f2ad4722425d344db8a100815b7fff0a9e4ee4a42f98
OK  payload/boolean_render/fields: c03b07422b28d1c30e0ad13f53eaf6934b7037d9ac2bee25696c8011f9d60f8b
OK  payload/negative_integer/fields: c7a083068a92ff07b01e2c8f51a4a8f6060f1154a7669a2e53933c147ff05d1b
OK  payload/empty_string_value/fields: c275a7593429639563e6599ebbac55412bdb7d6a76ca799cf4eada09fa80f18f
OK  payload/quote_escape_parity/fields: c8d521cb6c6304135cfdbeac2b305adc4325842d2003ea9fe0ce1417f21e21d5
OK  payload/line_identity_regular/fields: 423fcda01951b770ea90bafa9fc87c6128c055b4b8b28f37b5a7f51f6418b409
OK  payload/line_identity_cancellation/fields: d482d51eb9ba3ce455939e4d9e192f5f904c359fc6bfe0cb6cf9000755517442
OK  manifest/dim_manifest_v1/names: 0f6d343a59567a7717ef57a9ac17d2ff90355dc1f57d11c100867fddfb866108
OK  manifest/dim_manifest_v1_reversed/names: b46a49485b02011069cd7988becc5a26e87284b9cee3a8f5b13e7dc246493dcd
OK  manifest/measure_manifest_v1/names: 9dbc23cabca765eeaed72eb8161c90b5ae7857f81031656002f03e5bd9d99319
OK  manifest/manifest_case_insensitive/names: 368c9609a3355a8ed659bcc0d8eea7d55a32455dc36e1ba223766302f280c88c
OK  manifest/manifest_case_insensitive/names_alt: 368c9609a3355a8ed659bcc0d8eea7d55a32455dc36e1ba223766302f280c88c
OK  manifest/manifest_hyphen_preserved/names: 2cd7bbb6dbeca954a911175d66ad9749870c00873585fca25eb44940d3dfe0d1

18 payload + 6 manifest serializations checked; failures: 0
